┌ Info
│ Run ['python', 'solutions/cheater.py', 'info']
│ Out
│ cheater
│ 0.1
│ The Rice Theorem Cookers
│ cheat,python
│ macOS-15.6.1-x86_64-i386-64bit-Mach-O
│ Done 0
│ - group: The Rice Theorem Cookers
│ - name: cheater
│ - system: macOS-15.6.1-x86_64-i386-64bit-Mach-O
│ - tags: ['cheat', 'python']
│ - version: 0.1
└ Info
┌ Case jpamb.cases.Arrays.arrayContent:()V
│ Run ['python', 'solutions/cheater.py', 'jpamb.cases.Arrays.arrayContent:()V']
│ Out
│ *;0%
│ assertion error;100%
│ divide by zero;0%
│ null pointer;0%
│ ok;0%
│ out of bounds;0%
│ Done 0
│ - *: 0.00% -inf
│ - assertion error: 0.00% inf
│ - divide by zero: 0.00% -inf
│ - null pointer: 0.00% -inf
│ - ok: 0.00% -inf
│ - out of bounds: 0.00% -inf
│ Score 6.00
└ Case jpamb.cases.Arrays.arrayContent:()V
┌ Case jpamb.cases.Arrays.arrayInBounds:()V
│ Run ['python', 'solutions/cheater.py', 'jpamb.cases.Arrays.arrayInBounds:()V']
│ Out
│ *;0%
│ assertion error;0%
│ divide by zero;0%
│ null pointer;0%
│ ok;100%
│ out of bounds;0%
│ Done 0
│ - *: 0.00% -inf
│ - assertion error: 0.00% -inf
│ - divide by zero: 0.00% -inf
│ - null pointer: 0.00% -inf
│ - ok: 0.00% inf
│ - out of bounds: 0.00% -inf
│ Score 6.00
└ Case jpamb.cases.Arrays.arrayInBounds:()V
┌ Case jpamb.cases.Arrays.arrayIsNull:()V
│ Run ['python', 'solutions/cheater.py', 'jpamb.cases.Arrays.arrayIsNull:()V']
│ Out
│ *;0%
│ assertion error;0%
│ divide by zero;0%
│ null pointer;100%
│ ok;0%
│ out of bounds;0%
│ Done 0
│ - *: 0.00% -inf
│ - assertion error: 0.00% -inf
│ - divide by zero: 0.00% -inf
│ - null pointer: 0.00% inf
│ - ok: 0.00% -inf
│ - out of bounds: 0.00% -inf
│ Score 6.00
└ Case jpamb.cases.Arrays.arrayIsNull:()V
┌ Case jpamb.cases.Arrays.arrayIsNullLength:()V
│ Run ['python', 'solutions/cheater.py', 'jpamb.cases.Arrays.arrayIsNullLength:()V']
│ Out
│ *;0%
│ assertion error;0%
│ divide by zero;0%
│ null pointer;100%
│ ok;0%
│ out of bounds;0%
│ Done 0
│ - *: 0.00% -inf
│ - assertion error: 0.00% -inf
│ - divide by zero: 0.00% -inf
│ - null pointer: 0.00% inf
│ - ok: 0.00% -inf
│ - out of bounds: 0.00% -inf
│ Score 6.00
└ Case jpamb.cases.Arrays.arrayIsNullLength:()V
┌ Case jpamb.cases.Arrays.arrayLength:()V
│ Run ['python', 'solutions/cheater.py', 'jpamb.cases.Arrays.arrayLength:()V']
│ Out
│ *;0%
│ assertion error;0%
│ divide by zero;0%
│ null pointer;0%
│ ok;100%
│ out of bounds;0%
│ Done 0
│ - *: 0.00% -inf
│ - assertion error: 0.00% -inf
│ - divide by zero: 0.00% -inf
│ - null pointer: 0.00% -inf
│ - ok: 0.00% inf
│ - out of bounds: 0.00% -inf
│ Score 6.00
└ Case jpamb.cases.Arrays.arrayLength:()V
┌ Case jpamb.cases.Arrays.arrayNotEmpty:([I)V
│ Run ['python', 'solutions/cheater.py', 'jpamb.cases.Arrays.arrayNotEmpty:([I)V']
│ Out
│ *;0%
│ assertion error;100%
│ divide by zero;0%
│ null pointer;0%
│ ok;100%
│ out of bounds;0%
│ Done 0
│ - *: 0.00% -inf
│ - assertion error: 0.00% inf
│ - divide by zero: 0.00% -inf
│ - null pointer: 0.00% -inf
│ - ok: 0.00% inf
│ - out of bounds: 0.00% -inf
│ Score 6.00
└ Case jpamb.cases.Arrays.arrayNotEmpty:([I)V
┌ Case jpamb.cases.Arrays.arrayOutOfBounds:()V
│ Run ['python', 'solutions/cheater.py', 'jpamb.cases.Arrays.arrayOutOfBounds:()V']
│ Out
│ *;0%
│ assertion error;0%
│ divide by zero;0%
│ null pointer;0%
│ ok;0%
│ out of bounds;100%
│ Done 0
│ - *: 0.00% -inf
│ - assertion error: 0.00% -inf
│ - divide by zero: 0.00% -inf
│ - null pointer: 0.00% -inf
│ - ok: 0.00% -inf
│ - out of bounds: 0.00% inf
│ Score 6.00
└ Case jpamb.cases.Arrays.arrayOutOfBounds:()V
┌ Case jpamb.cases.Arrays.arraySometimesNull:(I)V
│ Run ['python', 'solutions/cheater.py', 'jpamb.cases.Arrays.arraySometimesNull:(I)V']
│ Out
│ *;0%
│ assertion error;0%
│ divide by zero;0%
│ null pointer;100%
│ ok;0%
│ out of bounds;100%
│ Done 0
│ - *: 0.00% -inf
│ - assertion error: 0.00% -inf
│ - divide by zero: 0.00% -inf
│ - null pointer: 0.00% inf
│ - ok: 0.00% -inf
│ - out of bounds: 0.00% inf
│ Score 6.00
└ Case jpamb.cases.Arrays.arraySometimesNull:(I)V
┌ Case jpamb.cases.Arrays.arraySpellsHello:([C)V
│ Run ['python', 'solutions/cheater.py', 'jpamb.cases.Arrays.arraySpellsHello:([C)V']
│ Out
│ *;0%
│ assertion error;100%
│ divide by zero;0%
│ null pointer;0%
│ ok;100%
│ out of bounds;100%
│ Done 0
│ - *: 0.00% -inf
│ - assertion error: 0.00% inf
│ - divide by zero: 0.00% -inf
│ - null pointer: 0.00% -inf
│ - ok: 0.00% inf
│ - out of bounds: 0.00% inf
│ Score 6.00
└ Case jpamb.cases.Arrays.arraySpellsHello:([C)V
┌ Case jpamb.cases.Arrays.arraySumIsLarge:([I)V
│ Run ['python', 'solutions/cheater.py', 'jpamb.cases.Arrays.arraySumIsLarge:([I)V']
│ Out
│ *;0%
│ assertion error;100%
│ divide by zero;0%
│ null pointer;0%
│ ok;100%
│ out of bounds;0%
│ Done 0
│ - *: 0.00% -inf
│ - assertion error: 0.00% inf
│ - divide by zero: 0.00% -inf
│ - null pointer: 0.00% -inf
│ - ok: 0.00% inf
│ - out of bounds: 0.00% -inf
│ Score 6.00
└ Case jpamb.cases.Arrays.arraySumIsLarge:([I)V
┌ Case jpamb.cases.Arrays.binarySearch:(I)V
│ Run ['python', 'solutions/cheater.py', 'jpamb.cases.Arrays.binarySearch:(I)V']
│ Out
│ *;0%
│ assertion error;100%
│ divide by zero;0%
│ null pointer;0%
│ ok;100%
│ out of bounds;0%
│ Done 0
│ - *: 0.00% -inf
│ - assertion error: 0.00% inf
│ - divide by zero: 0.00% -inf
│ - null pointer: 0.00% -inf
│ - ok: 0.00% inf
│ - out of bounds: 0.00% -inf
│ Score 6.00
└ Case jpamb.cases.Arrays.binarySearch:(I)V
┌ Case jpamb.cases.Calls.allPrimesArePositive:(I)V
│ Run ['python', 'solutions/cheater.py', 'jpamb.cases.Calls.allPrimesArePositive:(I)V']
│ Out
│ *;0%
│ assertion error;100%
│ divide by zero;0%
│ null pointer;0%
│ ok;100%
│ out of bounds;100%
│ Done 0
│ - *: 0.00% -inf
│ - assertion error: 0.00% inf
│ - divide by zero: 0.00% -inf
│ - null pointer: 0.00% -inf
│ - ok: 0.00% inf
│ - out of bounds: 0.00% inf
│ Score 6.00
└ Case jpamb.cases.Calls.allPrimesArePositive:(I)V
┌ Case jpamb.cases.Calls.callsAssertFalse:()V
│ Run ['python', 'solutions/cheater.py', 'jpamb.cases.Calls.callsAssertFalse:()V']
│ Out
│ *;0%
│ assertion error;100%
│ divide by zero;0%
│ null pointer;0%
│ ok;0%
│ out of bounds;0%
│ Done 0
│ - *: 0.00% -inf
│ - assertion error: 0.00% inf
│ - divide by zero: 0.00% -inf
│ - null pointer: 0.00% -inf
│ - ok: 0.00% -inf
│ - out of bounds: 0.00% -inf
│ Score 6.00
└ Case jpamb.cases.Calls.callsAssertFalse:()V
┌ Case jpamb.cases.Calls.callsAssertFib:(I)V
│ Run ['python', 'solutions/cheater.py', 'jpamb.cases.Calls.callsAssertFib:(I)V']
│ Out
│ *;0%
│ assertion error;100%
│ divide by zero;0%
│ null pointer;0%
│ ok;100%
│ out of bounds;0%
│ Done 0
│ - *: 0.00% -inf
│ - assertion error: 0.00% inf
│ - divide by zero: 0.00% -inf
│ - null pointer: 0.00% -inf
│ - ok: 0.00% inf
│ - out of bounds: 0.00% -inf
│ Score 6.00
└ Case jpamb.cases.Calls.callsAssertFib:(I)V
┌ Case jpamb.cases.Calls.callsAssertIf:(Z)V
│ Run ['python', 'solutions/cheater.py', 'jpamb.cases.Calls.callsAssertIf:(Z)V']
│ Out
│ *;0%
│ assertion error;100%
│ divide by zero;0%
│ null pointer;0%
│ ok;100%
│ out of bounds;0%
│ Done 0
│ - *: 0.00% -inf
│ - assertion error: 0.00% inf
│ - divide by zero: 0.00% -inf
│ - null pointer: 0.00% -inf
│ - ok: 0.00% inf
│ - out of bounds: 0.00% -inf
│ Score 6.00
└ Case jpamb.cases.Calls.callsAssertIf:(Z)V
┌ Case jpamb.cases.Calls.callsAssertIfWithTrue:()V
│ Run ['python', 'solutions/cheater.py', 'jpamb.cases.Calls.callsAssertIfWithTrue:()V']
│ Out
│ *;0%
│ assertion error;0%
│ divide by zero;0%
│ null pointer;0%
│ ok;100%
│ out of bounds;0%
│ Done 0
│ - *: 0.00% -inf
│ - assertion error: 0.00% -inf
│ - divide by zero: 0.00% -inf
│ - null pointer: 0.00% -inf
│ - ok: 0.00% inf
│ - out of bounds: 0.00% -inf
│ Score 6.00
└ Case jpamb.cases.Calls.callsAssertIfWithTrue:()V
┌ Case jpamb.cases.Calls.callsAssertTrue:()V
│ Run ['python', 'solutions/cheater.py', 'jpamb.cases.Calls.callsAssertTrue:()V']
│ Out
│ *;0%
│ assertion error;0%
│ divide by zero;0%
│ null pointer;0%
│ ok;100%
│ out of bounds;0%
│ Done 0
│ - *: 0.00% -inf
│ - assertion error: 0.00% -inf
│ - divide by zero: 0.00% -inf
│ - null pointer: 0.00% -inf
│ - ok: 0.00% inf
│ - out of bounds: 0.00% -inf
│ Score 6.00
└ Case jpamb.cases.Calls.callsAssertTrue:()V
┌ Case jpamb.cases.Loops.forever:()V
│ Run ['python', 'solutions/cheater.py', 'jpamb.cases.Loops.forever:()V']
│ Out
│ *;100%
│ assertion error;0%
│ divide by zero;0%
│ null pointer;0%
│ ok;0%
│ out of bounds;0%
│ Done 0
│ - *: 0.00% inf
│ - assertion error: 0.00% -inf
│ - divide by zero: 0.00% -inf
│ - null pointer: 0.00% -inf
│ - ok: 0.00% -inf
│ - out of bounds: 0.00% -inf
│ Score 6.00
└ Case jpamb.cases.Loops.forever:()V
┌ Case jpamb.cases.Loops.neverAsserts:()V
│ Run ['python', 'solutions/cheater.py', 'jpamb.cases.Loops.neverAsserts:()V']
│ Out
│ *;100%
│ assertion error;0%
│ divide by zero;0%
│ null pointer;0%
│ ok;0%
│ out of bounds;0%
│ Done 0
│ - *: 0.00% inf
│ - assertion error: 0.00% -inf
│ - divide by zero: 0.00% -inf
│ - null pointer: 0.00% -inf
│ - ok: 0.00% -inf
│ - out of bounds: 0.00% -inf
│ Score 6.00
└ Case jpamb.cases.Loops.neverAsserts:()V
┌ Case jpamb.cases.Loops.neverDivides:()I
│ Run ['python', 'solutions/cheater.py', 'jpamb.cases.Loops.neverDivides:()I']
│ Out
│ *;100%
│ assertion error;0%
│ divide by zero;0%
│ null pointer;0%
│ ok;0%
│ out of bounds;0%
│ Done 0
│ - *: 0.00% inf
│ - assertion error: 0.00% -inf
│ - divide by zero: 0.00% -inf
│ - null pointer: 0.00% -inf
│ - ok: 0.00% -inf
│ - out of bounds: 0.00% -inf
│ Score 6.00
└ Case jpamb.cases.Loops.neverDivides:()I
┌ Case jpamb.cases.Loops.terminates:()V
│ Run ['python', 'solutions/cheater.py', 'jpamb.cases.Loops.terminates:()V']
│ Out
│ *;0%
│ assertion error;100%
│ divide by zero;0%
│ null pointer;0%
│ ok;0%
│ out of bounds;0%
│ Done 0
│ - *: 0.00% -inf
│ - assertion error: 0.00% inf
│ - divide by zero: 0.00% -inf
│ - null pointer: 0.00% -inf
│ - ok: 0.00% -inf
│ - out of bounds: 0.00% -inf
│ Score 6.00
└ Case jpamb.cases.Loops.terminates:()V
┌ Case jpamb.cases.Simple.assertBoolean:(Z)V
│ Run ['python', 'solutions/cheater.py', 'jpamb.cases.Simple.assertBoolean:(Z)V']
│ Out
│ *;0%
│ assertion error;100%
│ divide by zero;0%
│ null pointer;0%
│ ok;100%
│ out of bounds;0%
│ Done 0
│ - *: 0.00% -inf
│ - assertion error: 0.00% inf
│ - divide by zero: 0.00% -inf
│ - null pointer: 0.00% -inf
│ - ok: 0.00% inf
│ - out of bounds: 0.00% -inf
│ Score 6.00
└ Case jpamb.cases.Simple.assertBoolean:(Z)V
┌ Case jpamb.cases.Simple.assertFalse:()V
│ Run ['python', 'solutions/cheater.py', 'jpamb.cases.Simple.assertFalse:()V']
│ Out
│ *;0%
│ assertion error;100%
│ divide by zero;0%
│ null pointer;0%
│ ok;0%
│ out of bounds;0%
│ Done 0
│ - *: 0.00% -inf
│ - assertion error: 0.00% inf
│ - divide by zero: 0.00% -inf
│ - null pointer: 0.00% -inf
│ - ok: 0.00% -inf
│ - out of bounds: 0.00% -inf
│ Score 6.00
└ Case jpamb.cases.Simple.assertFalse:()V
┌ Case jpamb.cases.Simple.assertInteger:(I)V
│ Run ['python', 'solutions/cheater.py', 'jpamb.cases.Simple.assertInteger:(I)V']
│ Out
│ *;0%
│ assertion error;100%
│ divide by zero;0%
│ null pointer;0%
│ ok;100%
│ out of bounds;0%
│ Done 0
│ - *: 0.00% -inf
│ - assertion error: 0.00% inf
│ - divide by zero: 0.00% -inf
│ - null pointer: 0.00% -inf
│ - ok: 0.00% inf
│ - out of bounds: 0.00% -inf
│ Score 6.00
└ Case jpamb.cases.Simple.assertInteger:(I)V
┌ Case jpamb.cases.Simple.assertPositive:(I)V
│ Run ['python', 'solutions/cheater.py', 'jpamb.cases.Simple.assertPositive:(I)V']
│ Out
│ *;0%
│ assertion error;100%
│ divide by zero;0%
│ null pointer;0%
│ ok;100%
│ out of bounds;0%
│ Done 0
│ - *: 0.00% -inf
│ - assertion error: 0.00% inf
│ - divide by zero: 0.00% -inf
│ - null pointer: 0.00% -inf
│ - ok: 0.00% inf
│ - out of bounds: 0.00% -inf
│ Score 6.00
└ Case jpamb.cases.Simple.assertPositive:(I)V
┌ Case jpamb.cases.Simple.checkBeforeAssert:(I)V
│ Run ['python', 'solutions/cheater.py', 'jpamb.cases.Simple.checkBeforeAssert:(I)V']
│ Out
│ *;0%
│ assertion error;100%
│ divide by zero;0%
│ null pointer;0%
│ ok;100%
│ out of bounds;0%
│ Done 0
│ - *: 0.00% -inf
│ - assertion error: 0.00% inf
│ - divide by zero: 0.00% -inf
│ - null pointer: 0.00% -inf
│ - ok: 0.00% inf
│ - out of bounds: 0.00% -inf
│ Score 6.00
└ Case jpamb.cases.Simple.checkBeforeAssert:(I)V
┌ Case jpamb.cases.Simple.checkBeforeDivideByN2:(I)I
│ Run ['python', 'solutions/cheater.py', 'jpamb.cases.Simple.checkBeforeDivideByN2:(I)I']
│ Out
│ *;0%
│ assertion error;0%
│ divide by zero;0%
│ null pointer;0%
│ ok;100%
│ out of bounds;0%
│ Done 0
│ - *: 0.00% -inf
│ - assertion error: 0.00% -inf
│ - divide by zero: 0.00% -inf
│ - null pointer: 0.00% -inf
│ - ok: 0.00% inf
│ - out of bounds: 0.00% -inf
│ Score 6.00
└ Case jpamb.cases.Simple.checkBeforeDivideByN2:(I)I
┌ Case jpamb.cases.Simple.checkBeforeDivideByN:(I)I
│ Run ['python', 'solutions/cheater.py', 'jpamb.cases.Simple.checkBeforeDivideByN:(I)I']
│ Out
│ *;0%
│ assertion error;100%
│ divide by zero;0%
│ null pointer;0%
│ ok;100%
│ out of bounds;0%
│ Done 0
│ - *: 0.00% -inf
│ - assertion error: 0.00% inf
│ - divide by zero: 0.00% -inf
│ - null pointer: 0.00% -inf
│ - ok: 0.00% inf
│ - out of bounds: 0.00% -inf
│ Score 6.00
└ Case jpamb.cases.Simple.checkBeforeDivideByN:(I)I
┌ Case jpamb.cases.Simple.divideByN:(I)I
│ Run ['python', 'solutions/cheater.py', 'jpamb.cases.Simple.divideByN:(I)I']
│ Out
│ *;0%
│ assertion error;0%
│ divide by zero;100%
│ null pointer;0%
│ ok;100%
│ out of bounds;0%
│ Done 0
│ - *: 0.00% -inf
│ - assertion error: 0.00% -inf
│ - divide by zero: 0.00% inf
│ - null pointer: 0.00% -inf
│ - ok: 0.00% inf
│ - out of bounds: 0.00% -inf
│ Score 6.00
└ Case jpamb.cases.Simple.divideByN:(I)I
┌ Case jpamb.cases.Simple.divideByNMinus10054203:(I)I
│ Run ['python', 'solutions/cheater.py', 'jpamb.cases.Simple.divideByNMinus10054203:(I)I']
│ Out
│ *;0%
│ assertion error;0%
│ divide by zero;100%
│ null pointer;0%
│ ok;100%
│ out of bounds;0%
│ Done 0
│ - *: 0.00% -inf
│ - assertion error: 0.00% -inf
│ - divide by zero: 0.00% inf
│ - null pointer: 0.00% -inf
│ - ok: 0.00% inf
│ - out of bounds: 0.00% -inf
│ Score 6.00
└ Case jpamb.cases.Simple.divideByNMinus10054203:(I)I
┌ Case jpamb.cases.Simple.divideByZero:()I
│ Run ['python', 'solutions/cheater.py', 'jpamb.cases.Simple.divideByZero:()I']
│ Out
│ *;0%
│ assertion error;0%
│ divide by zero;100%
│ null pointer;0%
│ ok;0%
│ out of bounds;0%
│ Done 0
│ - *: 0.00% -inf
│ - assertion error: 0.00% -inf
│ - divide by zero: 0.00% inf
│ - null pointer: 0.00% -inf
│ - ok: 0.00% -inf
│ - out of bounds: 0.00% -inf
│ Score 6.00
└ Case jpamb.cases.Simple.divideByZero:()I
┌ Case jpamb.cases.Simple.divideZeroByZero:(II)I
│ Run ['python', 'solutions/cheater.py', 'jpamb.cases.Simple.divideZeroByZero:(II)I']
│ Out
│ *;0%
│ assertion error;0%
│ divide by zero;100%
│ null pointer;0%
│ ok;100%
│ out of bounds;0%
│ Done 0
│ - *: 0.00% -inf
│ - assertion error: 0.00% -inf
│ - divide by zero: 0.00% inf
│ - null pointer: 0.00% -inf
│ - ok: 0.00% inf
│ - out of bounds: 0.00% -inf
│ Score 6.00
└ Case jpamb.cases.Simple.divideZeroByZero:(II)I
┌ Case jpamb.cases.Simple.earlyReturn:()I
│ Run ['python', 'solutions/cheater.py', 'jpamb.cases.Simple.earlyReturn:()I']
│ Out
│ *;0%
│ assertion error;0%
│ divide by zero;0%
│ null pointer;0%
│ ok;100%
│ out of bounds;0%
│ Done 0
│ - *: 0.00% -inf
│ - assertion error: 0.00% -inf
│ - divide by zero: 0.00% -inf
│ - null pointer: 0.00% -inf
│ - ok: 0.00% inf
│ - out of bounds: 0.00% -inf
│ Score 6.00
└ Case jpamb.cases.Simple.earlyReturn:()I
┌ Case jpamb.cases.Simple.justReturn:()I
│ Run ['python', 'solutions/cheater.py', 'jpamb.cases.Simple.justReturn:()I']
│ Out
│ *;0%
│ assertion error;0%
│ divide by zero;0%
│ null pointer;0%
│ ok;100%
│ out of bounds;0%
│ Done 0
│ - *: 0.00% -inf
│ - assertion error: 0.00% -inf
│ - divide by zero: 0.00% -inf
│ - null pointer: 0.00% -inf
│ - ok: 0.00% inf
│ - out of bounds: 0.00% -inf
│ Score 6.00
└ Case jpamb.cases.Simple.justReturn:()I
┌ Case jpamb.cases.Simple.justReturnNothing:()V
│ Run ['python', 'solutions/cheater.py', 'jpamb.cases.Simple.justReturnNothing:()V']
│ Out
│ *;0%
│ assertion error;0%
│ divide by zero;0%
│ null pointer;0%
│ ok;100%
│ out of bounds;0%
│ Done 0
│ - *: 0.00% -inf
│ - assertion error: 0.00% -inf
│ - divide by zero: 0.00% -inf
│ - null pointer: 0.00% -inf
│ - ok: 0.00% inf
│ - out of bounds: 0.00% -inf
│ Score 6.00
└ Case jpamb.cases.Simple.justReturnNothing:()V
┌ Case jpamb.cases.Simple.multiError:(Z)I
│ Run ['python', 'solutions/cheater.py', 'jpamb.cases.Simple.multiError:(Z)I']
│ Out
│ *;0%
│ assertion error;100%
│ divide by zero;100%
│ null pointer;0%
│ ok;0%
│ out of bounds;0%
│ Done 0
│ - *: 0.00% -inf
│ - assertion error: 0.00% inf
│ - divide by zero: 0.00% inf
│ - null pointer: 0.00% -inf
│ - ok: 0.00% -inf
│ - out of bounds: 0.00% -inf
│ Score 6.00
└ Case jpamb.cases.Simple.multiError:(Z)I
┌ Case jpamb.cases.Tricky.collatz:(I)V
│ Run ['python', 'solutions/cheater.py', 'jpamb.cases.Tricky.collatz:(I)V']
│ Out
│ *;0%
│ assertion error;100%
│ divide by zero;0%
│ null pointer;0%
│ ok;100%
│ out of bounds;0%
│ Done 0
│ - *: 0.00% -inf
│ - assertion error: 0.00% inf
│ - divide by zero: 0.00% -inf
│ - null pointer: 0.00% -inf
│ - ok: 0.00% inf
│ - out of bounds: 0.00% -inf
│ Score 6.00
└ Case jpamb.cases.Tricky.collatz:(I)V
Total 222.00
